// Jest Snapshot v1, https://goo.gl/fbAQLP

exports[`CELabel should match snapshot 1`] = `
<DocumentFragment>
  <div
    class="nhsuk-grid-row"
  >
    <div
      class="nhsuk-grid-column-two-thirds"
    >
      <h1>
        Redacted for open source publication reasons
      </h1>
    </div>
  </div>
</DocumentFragment>
`;
