// Jest Snapshot v1, https://goo.gl/fbAQLP

exports[`ServiceLimitationsPanel ServiceLimitationsPanel should render 1`] = `
<DocumentFragment>
  <div
    class="nhsuk-panel nhsuk-warning-callout nhsuk-u-margin-top-7 nhsuk-u-margin-bottom-4 nhsuk-u-padding-bottom-8"
    id="warning-panel"
  >
    <h3
      class="nhsuk-warning-callout__label"
      id="warning-score-heading"
    >
      Current limitations of this service
    </h3>
    <p>
      The service has been developed for use by clinicians and health care professionals. It should be used alongside clinical judgement.
    </p>
    <ul>
      <li
        id="limitation-underestimate"
      >
        The service may currently underestimate the risk of COVID-19 to patients who were shielding during the first peak of the Coronavirus (COVID-19) pandemic
      </li>
      <li
        id="limitation-no-removal"
      >
        Therefore this service should not currently be used to add or remove patients from the Shielded Patients List
      </li>
    </ul>
  </div>
</DocumentFragment>
`;
