// Jest Snapshot v1, https://goo.gl/fbAQLP

exports[`WarningPanel empty should render blank fragment  1`] = `<DocumentFragment />`;

exports[`WarningPanel warnings should render 1`] = `
<DocumentFragment>
  <div
    class="nhsuk-inset-text"
    id="warning-panel"
  >
    <p>
      We used defaults for the values you did not enter, or were outside our range.
    </p>
    <p>
      We did this for:
    </p>
    <ul>
      <li
        id="warning-http://qcovid.org-206"
      >
        No BMI was provided. A BMI of 25 will be used.
      </li>
      <li
        id="warning-http://qcovid.org-301"
      >
        No postcode was provided. A Townsend score of 0 will be used.
      </li>
    </ul>
  </div>
</DocumentFragment>
`;
